// Jest Snapshot v1, https://goo.gl/fbAQLP

exports[`Carousel Renders 1`] = `
<div
  className="carouselContainer"
>
  <SwitchTransition
    mode="out-in"
  >
    <Transition
      appear={false}
      enter={true}
      exit={true}
      in={false}
      key="0"
      mountOnEnter={false}
      nodeRef={
        Object {
          "current": null,
        }
      }
      onEnter={[Function]}
      onEntered={[Function]}
      onEntering={[Function]}
      onExit={[Function]}
      onExited={[Function]}
      onExiting={[Function]}
      timeout={300}
      unmountOnExit={true}
    >
      <Component />
    </Transition>
  </SwitchTransition>
  <Controls
    buttons={false}
    currentItem={0}
    dispatch={[Function]}
    items={
      Array [
        false,
      ]
    }
    step={1}
  />
</div>
`;
